src/services/produitService.ts(128,3): error TS1128: Declaration or statement expected.
src/services/produitService.ts(133,3): error TS1434: Unexpected keyword or identifier.
src/services/produitService.ts(133,18): error TS1005: ',' expected.
src/services/produitService.ts(133,32): error TS1005: ',' expected.
src/services/produitService.ts(133,51): error TS1005: ';' expected.
src/services/produitService.ts(134,11): error TS1005: ':' expected.
src/services/produitService.ts(137,7): error TS1005: ',' expected.
src/services/produitService.ts(138,9): error TS1003: Identifier expected.
src/services/produitService.ts(142,5): error TS1005: ',' expected.
src/services/produitService.ts(142,9): error TS1005: ':' expected.
src/services/produitService.ts(142,35): error TS1005: ',' expected.
src/services/produitService.ts(146,11): error TS1005: ':' expected.
src/services/produitService.ts(146,94): error TS1005: ',' expected.
src/services/produitService.ts(149,13): error TS1005: ',' expected.
src/services/produitService.ts(149,107): error TS1005: ',' expected.
src/services/produitService.ts(149,109): error TS1136: Property assignment expected.
src/services/produitService.ts(222,3): error TS1128: Declaration or statement expected.
src/services/produitService.ts(227,3): error TS1434: Unexpected keyword or identifier.
src/services/produitService.ts(227,18): error TS1005: ')' expected.
src/services/produitService.ts(227,20): error TS1434: Unexpected keyword or identifier.
src/services/produitService.ts(227,26): error TS1128: Declaration or statement expected.
src/services/produitService.ts(227,27): error TS1128: Declaration or statement expected.
src/services/produitService.ts(227,55): error TS1005: ',' expected.
src/services/produitService.ts(228,11): error TS1005: ':' expected.
src/services/produitService.ts(228,77): error TS1005: ',' expected.
src/services/produitService.ts(229,9): error TS1003: Identifier expected.
src/services/produitService.ts(234,5): error TS1005: ',' expected.
src/services/produitService.ts(234,11): error TS1005: ':' expected.
src/services/produitService.ts(237,7): error TS1005: ',' expected.
src/services/produitService.ts(239,19): error TS1005: ',' expected.
src/services/produitService.ts(239,65): error TS1005: ',' expected.
src/services/produitService.ts(239,67): error TS1136: Property assignment expected.
src/services/produitService.ts(260,3): error TS1128: Declaration or statement expected.
src/services/produitService.ts(265,3): error TS1434: Unexpected keyword or identifier.
src/services/produitService.ts(265,35): error TS1005: ',' expected.
src/services/produitService.ts(265,50): error TS1005: ',' expected.
src/services/produitService.ts(265,64): error TS1005: ';' expected.
src/services/produitService.ts(265,78): error TS1011: An element access expression should take an argument.
src/services/produitService.ts(266,12): error TS1005: ':' expected.
src/services/produitService.ts(270,7): error TS1005: ',' expected.
src/services/produitService.ts(272,1): error TS1128: Declaration or statement expected.
